2026-02-07 00:59:05,092 INFO  [background-preinit] o.h.validator.internal.util.Version - HV000001: Hibernate Validator 9.0.1.Final
2026-02-07 00:59:05,114 INFO  [main] c.svalero.ecorepair.Aa1Application - Starting Aa1Application using Java 21.0.9 with PID 22332 (D:\Programacion\EcoRepiar-API\target\classes started by mm98z in D:\Programacion\EcoRepiar-API)
2026-02-07 00:59:05,115 INFO  [main] c.svalero.ecorepair.Aa1Application - No active profile set, falling back to 1 default profile: "default"
2026-02-07 00:59:05,414 INFO  [main] o.s.d.r.c.RepositoryConfigurationDelegate - Bootstrapping Spring Data JPA repositories in DEFAULT mode.
2026-02-07 00:59:05,440 INFO  [main] o.s.d.r.c.RepositoryConfigurationDelegate - Finished Spring Data repository scanning in 21 ms. Found 2 JPA repository interfaces.
2026-02-07 00:59:05,677 INFO  [main] o.s.boot.tomcat.TomcatWebServer - Tomcat initialized with port 8080 (http)
2026-02-07 00:59:05,685 INFO  [main] o.a.coyote.http11.Http11NioProtocol - Initializing ProtocolHandler ["http-nio-8080"]
2026-02-07 00:59:05,686 INFO  [main] o.a.catalina.core.StandardService - Starting service [Tomcat]
2026-02-07 00:59:05,686 INFO  [main] o.a.catalina.core.StandardEngine - Starting Servlet engine: [Apache Tomcat/11.0.15]
2026-02-07 00:59:05,717 INFO  [main] o.s.b.w.c.s.WebApplicationContextInitializer - Root WebApplicationContext: initialization completed in 583 ms
2026-02-07 00:59:05,795 INFO  [main] org.hibernate.orm.jpa - HHH008540: Processing PersistenceUnitInfo [name: default]
2026-02-07 00:59:05,822 INFO  [main] org.hibernate.orm.core - HHH000001: Hibernate ORM core version 7.2.1.Final
2026-02-07 00:59:06,045 INFO  [main] o.s.o.j.p.SpringPersistenceUnitInfo - No LoadTimeWeaver setup: ignoring JPA class transformer
2026-02-07 00:59:06,060 INFO  [main] com.zaxxer.hikari.HikariDataSource - HikariPool-1 - Starting...
2026-02-07 00:59:06,134 INFO  [main] com.zaxxer.hikari.pool.HikariPool - HikariPool-1 - Added connection org.mariadb.jdbc.Connection@22a63740
2026-02-07 00:59:06,135 INFO  [main] com.zaxxer.hikari.HikariDataSource - HikariPool-1 - Start completed.
2026-02-07 00:59:06,150 WARN  [main] org.hibernate.orm.deprecation - HHH90000025: MariaDBDialect does not need to be specified explicitly using 'hibernate.dialect' (remove the property setting and it will be selected by default)
2026-02-07 00:59:06,160 INFO  [main] o.hibernate.orm.connections.pooling - HHH10001005: Database info:
	Database JDBC URL [jdbc:mariadb://localhost/aa1?user=aa1&password=***&authenticationPlugins=org.mariadb.jdbc.plugin.authentication.standard.NativePasswordPlugin&useSSL=false&allowPublicKeyRetrieval=true]
	Database driver: MariaDB Connector/J
	Database dialect: MariaDBDialect
	Database version: 12.1.2
	Default catalog/schema: aa1/undefined
	Autocommit mode: undefined/unknown
	Isolation level: REPEATABLE_READ [default REPEATABLE_READ]
	JDBC fetch size: none
	Pool: DataSourceConnectionProvider
	Minimum pool size: undefined/unknown
	Maximum pool size: undefined/unknown
2026-02-07 00:59:06,606 INFO  [main] org.hibernate.orm.core - HHH000489: No JTA platform available (set 'hibernate.transaction.jta.platform' to enable JTA platform integration)
2026-02-07 00:59:06,678 INFO  [main] o.s.o.j.LocalContainerEntityManagerFactoryBean - Initialized JPA EntityManagerFactory for persistence unit 'default'
2026-02-07 00:59:06,722 INFO  [main] o.s.d.j.r.q.QueryEnhancerFactories - Hibernate is in classpath; If applicable, HQL parser will be used.
2026-02-07 00:59:06,797 WARN  [main] o.s.b.j.a.JpaBaseConfiguration$JpaWebConfiguration - spring.jpa.open-in-view is enabled by default. Therefore, database queries may be performed during view rendering. Explicitly configure spring.jpa.open-in-view to disable this warning
2026-02-07 00:59:06,947 INFO  [main] o.a.coyote.http11.Http11NioProtocol - Starting ProtocolHandler ["http-nio-8080"]
2026-02-07 00:59:06,957 INFO  [main] o.s.boot.tomcat.TomcatWebServer - Tomcat started on port 8080 (http) with context path '/'
2026-02-07 00:59:06,959 INFO  [main] c.svalero.ecorepair.Aa1Application - Started Aa1Application in 2.143 seconds (process running for 2.543)
2026-02-07 00:59:56,732 INFO  [http-nio-8080-exec-6] o.a.c.c.C.[Tomcat].[localhost].[/] - Initializing Spring DispatcherServlet 'dispatcherServlet'
2026-02-07 00:59:56,732 INFO  [http-nio-8080-exec-6] o.s.web.servlet.DispatcherServlet - Initializing Servlet 'dispatcherServlet'
2026-02-07 00:59:56,733 INFO  [http-nio-8080-exec-6] o.s.web.servlet.DispatcherServlet - Completed initialization in 1 ms
2026-02-07 00:59:56,887 INFO  [http-nio-8080-exec-6] c.s.e.config.RequestLoggingFilter - HTTP GET /devices -> 200 (152 ms)
2026-02-07 01:00:03,525 INFO  [http-nio-8080-exec-1] c.s.e.config.RequestLoggingFilter - HTTP GET /devices -> 200 (3 ms)
2026-02-07 01:00:04,413 INFO  [http-nio-8080-exec-4] c.s.e.config.RequestLoggingFilter - HTTP GET /devices -> 200 (4 ms)
2026-02-07 01:00:05,277 INFO  [http-nio-8080-exec-5] c.s.e.config.RequestLoggingFilter - HTTP GET /devices -> 200 (3 ms)
2026-02-07 01:00:06,306 INFO  [http-nio-8080-exec-3] c.s.e.config.RequestLoggingFilter - HTTP GET /devices -> 200 (2 ms)
2026-02-07 01:00:08,019 INFO  [http-nio-8080-exec-7] c.s.e.config.RequestLoggingFilter - HTTP GET /devices -> 200 (2 ms)
2026-02-07 01:12:17,623 INFO  [SpringApplicationShutdownHook] o.s.boot.tomcat.GracefulShutdown - Commencing graceful shutdown. Waiting for active requests to complete
2026-02-07 01:12:17,626 INFO  [tomcat-shutdown] o.s.boot.tomcat.GracefulShutdown - Graceful shutdown complete
2026-02-07 01:12:17,628 INFO  [SpringApplicationShutdownHook] o.s.o.j.LocalContainerEntityManagerFactoryBean - Closing JPA EntityManagerFactory for persistence unit 'default'
2026-02-07 01:12:17,629 INFO  [SpringApplicationShutdownHook] com.zaxxer.hikari.HikariDataSource - HikariPool-1 - Shutdown initiated...
2026-02-07 01:12:17,631 INFO  [SpringApplicationShutdownHook] com.zaxxer.hikari.HikariDataSource - HikariPool-1 - Shutdown completed.
2026-02-07 10:17:41,050 INFO  [background-preinit] o.h.validator.internal.util.Version - HV000001: Hibernate Validator 9.0.1.Final
2026-02-07 10:17:41,091 INFO  [main] c.svalero.ecorepair.Aa1Application - Starting Aa1Application using Java 17.0.18 with PID 29668 (C:\Users\raul_\Desktop\ProyectoFinal\EcoRepiar-API\target\classes started by raul_ in C:\Users\raul_\Desktop\ProyectoFinal\EcoRepiar-API)
2026-02-07 10:17:41,095 INFO  [main] c.svalero.ecorepair.Aa1Application - No active profile set, falling back to 1 default profile: "default"
2026-02-07 10:17:41,543 INFO  [main] o.s.d.r.c.RepositoryConfigurationDelegate - Bootstrapping Spring Data JPA repositories in DEFAULT mode.
2026-02-07 10:17:41,587 INFO  [main] o.s.d.r.c.RepositoryConfigurationDelegate - Finished Spring Data repository scanning in 38 ms. Found 2 JPA repository interfaces.
2026-02-07 10:17:41,985 INFO  [main] o.s.boot.tomcat.TomcatWebServer - Tomcat initialized with port 8080 (http)
2026-02-07 10:17:41,997 INFO  [main] o.a.coyote.http11.Http11NioProtocol - Initializing ProtocolHandler ["http-nio-8080"]
2026-02-07 10:17:42,003 INFO  [main] o.a.catalina.core.StandardService - Starting service [Tomcat]
2026-02-07 10:17:42,003 INFO  [main] o.a.catalina.core.StandardEngine - Starting Servlet engine: [Apache Tomcat/11.0.15]
2026-02-07 10:17:42,335 INFO  [main] o.s.b.w.c.s.WebApplicationContextInitializer - Root WebApplicationContext: initialization completed in 1206 ms
2026-02-07 10:17:42,448 INFO  [main] org.hibernate.orm.jpa - HHH008540: Processing PersistenceUnitInfo [name: default]
2026-02-07 10:17:42,491 INFO  [main] org.hibernate.orm.core - HHH000001: Hibernate ORM core version 7.2.1.Final
2026-02-07 10:17:42,835 INFO  [main] o.s.o.j.p.SpringPersistenceUnitInfo - No LoadTimeWeaver setup: ignoring JPA class transformer
2026-02-07 10:17:42,864 INFO  [main] com.zaxxer.hikari.HikariDataSource - HikariPool-1 - Starting...
2026-02-07 10:17:42,952 INFO  [main] com.zaxxer.hikari.pool.HikariPool - HikariPool-1 - Added connection org.mariadb.jdbc.Connection@3620eab
2026-02-07 10:17:42,954 INFO  [main] com.zaxxer.hikari.HikariDataSource - HikariPool-1 - Start completed.
2026-02-07 10:17:42,981 WARN  [main] org.hibernate.orm.deprecation - HHH90000025: MariaDBDialect does not need to be specified explicitly using 'hibernate.dialect' (remove the property setting and it will be selected by default)
2026-02-07 10:17:42,994 INFO  [main] o.hibernate.orm.connections.pooling - HHH10001005: Database info:
	Database JDBC URL [jdbc:mariadb://localhost/aa1?user=aa1&password=***&authenticationPlugins=org.mariadb.jdbc.plugin.authentication.standard.NativePasswordPlugin&useSSL=false&allowPublicKeyRetrieval=true]
	Database driver: MariaDB Connector/J
	Database dialect: MariaDBDialect
	Database version: 12.1.2
	Default catalog/schema: aa1/undefined
	Autocommit mode: undefined/unknown
	Isolation level: REPEATABLE_READ [default REPEATABLE_READ]
	JDBC fetch size: none
	Pool: DataSourceConnectionProvider
	Minimum pool size: undefined/unknown
	Maximum pool size: undefined/unknown
2026-02-07 10:17:43,655 INFO  [main] org.hibernate.orm.core - HHH000489: No JTA platform available (set 'hibernate.transaction.jta.platform' to enable JTA platform integration)
2026-02-07 10:17:43,806 INFO  [main] o.s.o.j.LocalContainerEntityManagerFactoryBean - Initialized JPA EntityManagerFactory for persistence unit 'default'
2026-02-07 10:17:43,880 INFO  [main] o.s.d.j.r.q.QueryEnhancerFactories - Hibernate is in classpath; If applicable, HQL parser will be used.
2026-02-07 10:17:44,007 WARN  [main] o.s.b.j.a.JpaBaseConfiguration$JpaWebConfiguration - spring.jpa.open-in-view is enabled by default. Therefore, database queries may be performed during view rendering. Explicitly configure spring.jpa.open-in-view to disable this warning
2026-02-07 10:17:44,228 INFO  [main] o.a.coyote.http11.Http11NioProtocol - Starting ProtocolHandler ["http-nio-8080"]
2026-02-07 10:17:44,250 INFO  [main] o.s.boot.tomcat.TomcatWebServer - Tomcat started on port 8080 (http) with context path '/'
2026-02-07 10:17:44,250 INFO  [main] c.svalero.ecorepair.Aa1Application - Started Aa1Application in 3.525 seconds (process running for 3.785)
2026-02-07 10:33:08,679 INFO  [http-nio-8080-exec-1] o.a.c.c.C.[Tomcat].[localhost].[/] - Initializing Spring DispatcherServlet 'dispatcherServlet'
2026-02-07 10:33:08,680 INFO  [http-nio-8080-exec-1] o.s.web.servlet.DispatcherServlet - Initializing Servlet 'dispatcherServlet'
2026-02-07 10:33:08,684 INFO  [http-nio-8080-exec-1] o.s.web.servlet.DispatcherServlet - Completed initialization in 4 ms
2026-02-07 10:33:09,443 INFO  [http-nio-8080-exec-1] c.s.e.config.RequestLoggingFilter - HTTP GET /devices -> 200 (750 ms)
2026-02-07 10:33:16,806 INFO  [http-nio-8080-exec-5] c.s.e.config.RequestLoggingFilter - HTTP GET /devices -> 200 (19 ms)
2026-02-07 10:37:03,538 INFO  [http-nio-8080-exec-2] c.s.e.config.RequestLoggingFilter - HTTP GET /devices -> 200 (468 ms)
2026-02-07 10:37:07,336 INFO  [http-nio-8080-exec-7] c.s.e.config.RequestLoggingFilter - HTTP GET /devices/1 -> 200 (467 ms)
2026-02-07 10:37:39,121 INFO  [SpringApplicationShutdownHook] o.s.boot.tomcat.GracefulShutdown - Commencing graceful shutdown. Waiting for active requests to complete
2026-02-07 10:37:39,302 INFO  [tomcat-shutdown] o.s.boot.tomcat.GracefulShutdown - Graceful shutdown complete
2026-02-07 10:37:39,340 INFO  [SpringApplicationShutdownHook] o.s.o.j.LocalContainerEntityManagerFactoryBean - Closing JPA EntityManagerFactory for persistence unit 'default'
2026-02-07 10:37:39,343 INFO  [SpringApplicationShutdownHook] com.zaxxer.hikari.HikariDataSource - HikariPool-1 - Shutdown initiated...
2026-02-07 10:37:39,384 INFO  [SpringApplicationShutdownHook] com.zaxxer.hikari.HikariDataSource - HikariPool-1 - Shutdown completed.
2026-02-07 10:38:08,342 INFO  [background-preinit] o.h.validator.internal.util.Version - HV000001: Hibernate Validator 9.0.1.Final
2026-02-07 10:38:08,383 INFO  [main] c.svalero.ecorepair.Aa1Application - Starting Aa1Application using Java 17.0.18 with PID 3420 (C:\Users\raul_\Desktop\ProyectoFinal\EcoRepiar-API\target\classes started by raul_ in C:\Users\raul_\Desktop\ProyectoFinal\EcoRepiar-API)
2026-02-07 10:38:08,384 INFO  [main] c.svalero.ecorepair.Aa1Application - No active profile set, falling back to 1 default profile: "default"
2026-02-07 10:38:09,045 INFO  [main] o.s.d.r.c.RepositoryConfigurationDelegate - Bootstrapping Spring Data JPA repositories in DEFAULT mode.
2026-02-07 10:38:09,088 INFO  [main] o.s.d.r.c.RepositoryConfigurationDelegate - Finished Spring Data repository scanning in 35 ms. Found 2 JPA repository interfaces.
2026-02-07 10:38:09,663 INFO  [main] o.s.boot.tomcat.TomcatWebServer - Tomcat initialized with port 8080 (http)
2026-02-07 10:38:09,673 INFO  [main] o.a.coyote.http11.Http11NioProtocol - Initializing ProtocolHandler ["http-nio-8080"]
2026-02-07 10:38:09,676 INFO  [main] o.a.catalina.core.StandardService - Starting service [Tomcat]
2026-02-07 10:38:09,677 INFO  [main] o.a.catalina.core.StandardEngine - Starting Servlet engine: [Apache Tomcat/11.0.15]
2026-02-07 10:38:09,738 INFO  [main] o.s.b.w.c.s.WebApplicationContextInitializer - Root WebApplicationContext: initialization completed in 1318 ms
2026-02-07 10:38:09,868 INFO  [main] org.hibernate.orm.jpa - HHH008540: Processing PersistenceUnitInfo [name: default]
2026-02-07 10:38:09,929 INFO  [main] org.hibernate.orm.core - HHH000001: Hibernate ORM core version 7.2.1.Final
2026-02-07 10:38:10,356 INFO  [main] o.s.o.j.p.SpringPersistenceUnitInfo - No LoadTimeWeaver setup: ignoring JPA class transformer
2026-02-07 10:38:10,397 INFO  [main] com.zaxxer.hikari.HikariDataSource - HikariPool-1 - Starting...
2026-02-07 10:38:10,503 INFO  [main] com.zaxxer.hikari.pool.HikariPool - HikariPool-1 - Added connection org.mariadb.jdbc.Connection@2d0f548a
2026-02-07 10:38:10,505 INFO  [main] com.zaxxer.hikari.HikariDataSource - HikariPool-1 - Start completed.
2026-02-07 10:38:10,549 WARN  [main] org.hibernate.orm.deprecation - HHH90000025: MariaDBDialect does not need to be specified explicitly using 'hibernate.dialect' (remove the property setting and it will be selected by default)
2026-02-07 10:38:10,570 INFO  [main] o.hibernate.orm.connections.pooling - HHH10001005: Database info:
	Database JDBC URL [jdbc:mariadb://localhost/aa1?user=aa1&password=***&authenticationPlugins=org.mariadb.jdbc.plugin.authentication.standard.NativePasswordPlugin&useSSL=false&allowPublicKeyRetrieval=true]
	Database driver: MariaDB Connector/J
	Database dialect: MariaDBDialect
	Database version: 12.1.2
	Default catalog/schema: aa1/undefined
	Autocommit mode: undefined/unknown
	Isolation level: REPEATABLE_READ [default REPEATABLE_READ]
	JDBC fetch size: none
	Pool: DataSourceConnectionProvider
	Minimum pool size: undefined/unknown
	Maximum pool size: undefined/unknown
2026-02-07 10:38:11,627 INFO  [main] org.hibernate.orm.core - HHH000489: No JTA platform available (set 'hibernate.transaction.jta.platform' to enable JTA platform integration)
2026-02-07 10:38:11,770 INFO  [main] o.s.o.j.LocalContainerEntityManagerFactoryBean - Initialized JPA EntityManagerFactory for persistence unit 'default'
2026-02-07 10:38:11,862 INFO  [main] o.s.d.j.r.q.QueryEnhancerFactories - Hibernate is in classpath; If applicable, HQL parser will be used.
2026-02-07 10:38:12,020 WARN  [main] o.s.b.j.a.JpaBaseConfiguration$JpaWebConfiguration - spring.jpa.open-in-view is enabled by default. Therefore, database queries may be performed during view rendering. Explicitly configure spring.jpa.open-in-view to disable this warning
2026-02-07 10:38:12,367 INFO  [main] o.a.coyote.http11.Http11NioProtocol - Starting ProtocolHandler ["http-nio-8080"]
2026-02-07 10:38:12,389 INFO  [main] o.s.boot.tomcat.TomcatWebServer - Tomcat started on port 8080 (http) with context path '/'
2026-02-07 10:38:12,397 INFO  [main] c.svalero.ecorepair.Aa1Application - Started Aa1Application in 4.506 seconds (process running for 4.875)
2026-02-07 10:38:27,687 INFO  [http-nio-8080-exec-1] o.a.c.c.C.[Tomcat].[localhost].[/] - Initializing Spring DispatcherServlet 'dispatcherServlet'
2026-02-07 10:38:27,687 INFO  [http-nio-8080-exec-1] o.s.web.servlet.DispatcherServlet - Initializing Servlet 'dispatcherServlet'
2026-02-07 10:38:27,691 INFO  [http-nio-8080-exec-1] o.s.web.servlet.DispatcherServlet - Completed initialization in 3 ms
2026-02-07 10:38:29,376 INFO  [http-nio-8080-exec-1] c.s.e.config.RequestLoggingFilter - HTTP GET /devices -> 200 (1675 ms)
2026-02-07 10:39:59,389 INFO  [SpringApplicationShutdownHook] o.s.boot.tomcat.GracefulShutdown - Commencing graceful shutdown. Waiting for active requests to complete
2026-02-07 10:39:59,572 INFO  [tomcat-shutdown] o.s.boot.tomcat.GracefulShutdown - Graceful shutdown complete
2026-02-07 10:39:59,574 INFO  [SpringApplicationShutdownHook] o.s.o.j.LocalContainerEntityManagerFactoryBean - Closing JPA EntityManagerFactory for persistence unit 'default'
2026-02-07 10:39:59,578 INFO  [SpringApplicationShutdownHook] com.zaxxer.hikari.HikariDataSource - HikariPool-1 - Shutdown initiated...
2026-02-07 10:39:59,660 INFO  [SpringApplicationShutdownHook] com.zaxxer.hikari.HikariDataSource - HikariPool-1 - Shutdown completed.
2026-02-07 10:41:08,059 INFO  [background-preinit] o.h.validator.internal.util.Version - HV000001: Hibernate Validator 9.0.1.Final
2026-02-07 10:41:08,082 INFO  [main] c.svalero.ecorepair.Aa1Application - Starting Aa1Application using Java 17.0.18 with PID 27972 (C:\Users\raul_\Desktop\ProyectoFinal\EcoRepiar-API\target\classes started by raul_ in C:\Users\raul_\Desktop\ProyectoFinal\EcoRepiar-API)
2026-02-07 10:41:08,085 INFO  [main] c.svalero.ecorepair.Aa1Application - No active profile set, falling back to 1 default profile: "default"
2026-02-07 10:41:08,614 INFO  [main] o.s.d.r.c.RepositoryConfigurationDelegate - Bootstrapping Spring Data JPA repositories in DEFAULT mode.
2026-02-07 10:41:08,672 INFO  [main] o.s.d.r.c.RepositoryConfigurationDelegate - Finished Spring Data repository scanning in 44 ms. Found 2 JPA repository interfaces.
2026-02-07 10:41:09,197 INFO  [main] o.s.boot.tomcat.TomcatWebServer - Tomcat initialized with port 8080 (http)
2026-02-07 10:41:09,208 INFO  [main] o.a.coyote.http11.Http11NioProtocol - Initializing ProtocolHandler ["http-nio-8080"]
2026-02-07 10:41:09,212 INFO  [main] o.a.catalina.core.StandardService - Starting service [Tomcat]
2026-02-07 10:41:09,212 INFO  [main] o.a.catalina.core.StandardEngine - Starting Servlet engine: [Apache Tomcat/11.0.15]
2026-02-07 10:41:09,270 INFO  [main] o.s.b.w.c.s.WebApplicationContextInitializer - Root WebApplicationContext: initialization completed in 1147 ms
2026-02-07 10:41:09,396 INFO  [main] org.hibernate.orm.jpa - HHH008540: Processing PersistenceUnitInfo [name: default]
2026-02-07 10:41:09,452 INFO  [main] org.hibernate.orm.core - HHH000001: Hibernate ORM core version 7.2.1.Final
2026-02-07 10:41:09,846 INFO  [main] o.s.o.j.p.SpringPersistenceUnitInfo - No LoadTimeWeaver setup: ignoring JPA class transformer
2026-02-07 10:41:09,880 INFO  [main] com.zaxxer.hikari.HikariDataSource - HikariPool-1 - Starting...
2026-02-07 10:41:09,974 INFO  [main] com.zaxxer.hikari.pool.HikariPool - HikariPool-1 - Added connection org.mariadb.jdbc.Connection@5d297d4d
2026-02-07 10:41:09,977 INFO  [main] com.zaxxer.hikari.HikariDataSource - HikariPool-1 - Start completed.
2026-02-07 10:41:10,007 WARN  [main] org.hibernate.orm.deprecation - HHH90000025: MariaDBDialect does not need to be specified explicitly using 'hibernate.dialect' (remove the property setting and it will be selected by default)
2026-02-07 10:41:10,025 INFO  [main] o.hibernate.orm.connections.pooling - HHH10001005: Database info:
	Database JDBC URL [jdbc:mariadb://localhost/aa1?user=aa1&password=***&authenticationPlugins=org.mariadb.jdbc.plugin.authentication.standard.NativePasswordPlugin&useSSL=false&allowPublicKeyRetrieval=true]
	Database driver: MariaDB Connector/J
	Database dialect: MariaDBDialect
	Database version: 12.1.2
	Default catalog/schema: aa1/undefined
	Autocommit mode: undefined/unknown
	Isolation level: REPEATABLE_READ [default REPEATABLE_READ]
	JDBC fetch size: none
	Pool: DataSourceConnectionProvider
	Minimum pool size: undefined/unknown
	Maximum pool size: undefined/unknown
2026-02-07 10:41:10,816 INFO  [main] org.hibernate.orm.core - HHH000489: No JTA platform available (set 'hibernate.transaction.jta.platform' to enable JTA platform integration)
2026-02-07 10:41:10,894 INFO  [main] o.s.o.j.LocalContainerEntityManagerFactoryBean - Initialized JPA EntityManagerFactory for persistence unit 'default'
2026-02-07 10:41:10,971 INFO  [main] o.s.d.j.r.q.QueryEnhancerFactories - Hibernate is in classpath; If applicable, HQL parser will be used.
2026-02-07 10:41:11,153 WARN  [main] o.s.b.j.a.JpaBaseConfiguration$JpaWebConfiguration - spring.jpa.open-in-view is enabled by default. Therefore, database queries may be performed during view rendering. Explicitly configure spring.jpa.open-in-view to disable this warning
2026-02-07 10:41:11,446 INFO  [main] o.a.coyote.http11.Http11NioProtocol - Starting ProtocolHandler ["http-nio-8080"]
2026-02-07 10:41:11,467 INFO  [main] o.s.boot.tomcat.TomcatWebServer - Tomcat started on port 8080 (http) with context path '/'
2026-02-07 10:41:11,490 INFO  [main] c.svalero.ecorepair.Aa1Application - Started Aa1Application in 3.865 seconds (process running for 4.181)
2026-02-07 10:41:35,176 INFO  [SpringApplicationShutdownHook] o.s.boot.tomcat.GracefulShutdown - Commencing graceful shutdown. Waiting for active requests to complete
2026-02-07 10:41:35,389 INFO  [tomcat-shutdown] o.s.boot.tomcat.GracefulShutdown - Graceful shutdown complete
2026-02-07 10:41:35,392 INFO  [SpringApplicationShutdownHook] o.s.o.j.LocalContainerEntityManagerFactoryBean - Closing JPA EntityManagerFactory for persistence unit 'default'
2026-02-07 10:41:35,393 INFO  [SpringApplicationShutdownHook] com.zaxxer.hikari.HikariDataSource - HikariPool-1 - Shutdown initiated...
2026-02-07 10:41:35,407 INFO  [SpringApplicationShutdownHook] com.zaxxer.hikari.HikariDataSource - HikariPool-1 - Shutdown completed.
2026-02-07 10:47:26,914 INFO  [background-preinit] o.h.validator.internal.util.Version - HV000001: Hibernate Validator 9.0.1.Final
2026-02-07 10:47:26,980 INFO  [main] c.svalero.ecorepair.Aa1Application - Starting Aa1Application using Java 17.0.18 with PID 13960 (C:\Users\raul_\Desktop\ProyectoFinal\EcoRepiar-API\target\classes started by raul_ in C:\Users\raul_\Desktop\ProyectoFinal\EcoRepiar-API)
2026-02-07 10:47:26,980 INFO  [main] c.svalero.ecorepair.Aa1Application - No active profile set, falling back to 1 default profile: "default"
2026-02-07 10:47:27,493 INFO  [main] o.s.d.r.c.RepositoryConfigurationDelegate - Bootstrapping Spring Data JPA repositories in DEFAULT mode.
2026-02-07 10:47:27,556 INFO  [main] o.s.d.r.c.RepositoryConfigurationDelegate - Finished Spring Data repository scanning in 41 ms. Found 2 JPA repository interfaces.
2026-02-07 10:47:28,207 INFO  [main] o.s.boot.tomcat.TomcatWebServer - Tomcat initialized with port 8080 (http)
2026-02-07 10:47:28,234 INFO  [main] o.a.coyote.http11.Http11NioProtocol - Initializing ProtocolHandler ["http-nio-8080"]
2026-02-07 10:47:28,241 INFO  [main] o.a.catalina.core.StandardService - Starting service [Tomcat]
2026-02-07 10:47:28,251 INFO  [main] o.a.catalina.core.StandardEngine - Starting Servlet engine: [Apache Tomcat/11.0.15]
2026-02-07 10:47:28,335 INFO  [main] o.s.b.w.c.s.WebApplicationContextInitializer - Root WebApplicationContext: initialization completed in 1312 ms
2026-02-07 10:47:28,450 INFO  [main] org.hibernate.orm.jpa - HHH008540: Processing PersistenceUnitInfo [name: default]
2026-02-07 10:47:28,519 INFO  [main] org.hibernate.orm.core - HHH000001: Hibernate ORM core version 7.2.1.Final
2026-02-07 10:47:28,906 INFO  [main] o.s.o.j.p.SpringPersistenceUnitInfo - No LoadTimeWeaver setup: ignoring JPA class transformer
2026-02-07 10:47:28,935 INFO  [main] com.zaxxer.hikari.HikariDataSource - HikariPool-1 - Starting...
2026-02-07 10:47:30,057 WARN  [main] org.hibernate.orm.jdbc.error - HHH000247: ErrorCode: 0, SQLState: 08000
2026-02-07 10:47:30,058 WARN  [main] org.hibernate.orm.jdbc.error - Socket fail to connect to localhost. Connection refused: getsockopt
2026-02-07 10:47:30,063 WARN  [main] org.hibernate.orm.jdbc - HHH100046: Could not obtain connection to query JDBC database metadata
org.hibernate.exception.JDBCConnectionException: Unable to obtain isolated JDBC connection [Socket fail to connect to localhost. Connection refused: getsockopt] [n/a]
	at org.hibernate.exception.internal.SQLStateConversionDelegate.convert(SQLStateConversionDelegate.java:80)
	at org.hibernate.exception.internal.StandardSQLExceptionConverter.convert(StandardSQLExceptionConverter.java:34)
	at org.hibernate.engine.jdbc.spi.SqlExceptionHelper.convert(SqlExceptionHelper.java:115)
	at org.hibernate.engine.jdbc.spi.SqlExceptionHelper.convert(SqlExceptionHelper.java:101)
	at org.hibernate.resource.transaction.backend.jdbc.internal.JdbcIsolationDelegate.delegateWork(JdbcIsolationDelegate.java:51)
	at org.hibernate.engine.jdbc.env.internal.JdbcEnvironmentInitiator.getJdbcEnvironmentUsingJdbcMetadata(JdbcEnvironmentInitiator.java:366)
	at org.hibernate.engine.jdbc.env.internal.JdbcEnvironmentInitiator.getJdbcEnvironment(JdbcEnvironmentInitiator.java:143)
	at org.hibernate.engine.jdbc.env.internal.JdbcEnvironmentInitiator.initiateService(JdbcEnvironmentInitiator.java:120)
	at org.hibernate.engine.jdbc.env.internal.JdbcEnvironmentInitiator.initiateService(JdbcEnvironmentInitiator.java:80)
	at org.hibernate.boot.registry.internal.StandardServiceRegistryImpl.initiateService(StandardServiceRegistryImpl.java:133)
	at org.hibernate.service.internal.AbstractServiceRegistryImpl.createService(AbstractServiceRegistryImpl.java:260)
	at org.hibernate.service.internal.AbstractServiceRegistryImpl.initializeService(AbstractServiceRegistryImpl.java:235)
	at org.hibernate.service.internal.AbstractServiceRegistryImpl.getService(AbstractServiceRegistryImpl.java:212)
	at org.hibernate.boot.model.relational.Database.<init>(Database.java:44)
	at org.hibernate.boot.internal.InFlightMetadataCollectorImpl.getDatabase(InFlightMetadataCollectorImpl.java:251)
	at org.hibernate.boot.internal.InFlightMetadataCollectorImpl.<init>(InFlightMetadataCollectorImpl.java:203)
	at org.hibernate.boot.model.process.spi.MetadataBuildingProcess.complete(MetadataBuildingProcess.java:170)
	at org.hibernate.jpa.boot.internal.EntityManagerFactoryBuilderImpl.metadata(EntityManagerFactoryBuilderImpl.java:1392)
	at org.hibernate.jpa.boot.internal.EntityManagerFactoryBuilderImpl.populateSessionFactoryBuilder(EntityManagerFactoryBuilderImpl.java:1472)
	at org.hibernate.jpa.boot.internal.EntityManagerFactoryBuilderImpl.build(EntityManagerFactoryBuilderImpl.java:1454)
	at org.springframework.orm.jpa.vendor.SpringHibernateJpaPersistenceProvider.createContainerEntityManagerFactory(SpringHibernateJpaPersistenceProvider.java:66)
	at org.springframework.orm.jpa.LocalContainerEntityManagerFactoryBean.createNativeEntityManagerFactory(LocalContainerEntityManagerFactoryBean.java:433)
	at org.springframework.orm.jpa.AbstractEntityManagerFactoryBean.buildNativeEntityManagerFactory(AbstractEntityManagerFactoryBean.java:416)
	at org.springframework.orm.jpa.AbstractEntityManagerFactoryBean.afterPropertiesSet(AbstractEntityManagerFactoryBean.java:396)
	at org.springframework.orm.jpa.LocalContainerEntityManagerFactoryBean.afterPropertiesSet(LocalContainerEntityManagerFactoryBean.java:409)
	at org.springframework.beans.factory.support.AbstractAutowireCapableBeanFactory.invokeInitMethods(AbstractAutowireCapableBeanFactory.java:1864)
	at org.springframework.beans.factory.support.AbstractAutowireCapableBeanFactory.initializeBean(AbstractAutowireCapableBeanFactory.java:1813)
	at org.springframework.beans.factory.support.AbstractAutowireCapableBeanFactory.doCreateBean(AbstractAutowireCapableBeanFactory.java:603)
	at org.springframework.beans.factory.support.AbstractAutowireCapableBeanFactory.createBean(AbstractAutowireCapableBeanFactory.java:525)
	at org.springframework.beans.factory.support.AbstractBeanFactory.lambda$doGetBean$0(AbstractBeanFactory.java:333)
	at org.springframework.beans.factory.support.DefaultSingletonBeanRegistry.getSingleton(DefaultSingletonBeanRegistry.java:371)
	at org.springframework.beans.factory.support.AbstractBeanFactory.doGetBean(AbstractBeanFactory.java:331)
	at org.springframework.beans.factory.support.AbstractBeanFactory.getBean(AbstractBeanFactory.java:201)
	at org.springframework.context.support.AbstractApplicationContext.finishBeanFactoryInitialization(AbstractApplicationContext.java:976)
	at org.springframework.context.support.AbstractApplicationContext.refresh(AbstractApplicationContext.java:620)
	at org.springframework.boot.web.server.servlet.context.ServletWebServerApplicationContext.refresh(ServletWebServerApplicationContext.java:143)
	at org.springframework.boot.SpringApplication.refresh(SpringApplication.java:756)
	at org.springframework.boot.SpringApplication.refreshContext(SpringApplication.java:445)
	at org.springframework.boot.SpringApplication.run(SpringApplication.java:321)
	at org.springframework.boot.SpringApplication.run(SpringApplication.java:1365)
	at org.springframework.boot.SpringApplication.run(SpringApplication.java:1354)
	at com.svalero.ecorepair.Aa1Application.main(Aa1Application.java:10)
Caused by: java.sql.SQLNonTransientConnectionException: Socket fail to connect to localhost. Connection refused: getsockopt
	at org.mariadb.jdbc.client.impl.ConnectionHelper.connectSocket(ConnectionHelper.java:131)
	at org.mariadb.jdbc.client.impl.StandardClient.<init>(StandardClient.java:152)
	at org.mariadb.jdbc.Driver.connect(Driver.java:75)
	at org.mariadb.jdbc.Driver.connect(Driver.java:104)
	at org.mariadb.jdbc.Driver.connect(Driver.java:29)
	at com.zaxxer.hikari.util.DriverDataSource.getConnection(DriverDataSource.java:144)
	at com.zaxxer.hikari.pool.PoolBase.newConnection(PoolBase.java:373)
	at com.zaxxer.hikari.pool.PoolBase.newPoolEntry(PoolBase.java:210)
	at com.zaxxer.hikari.pool.HikariPool.createPoolEntry(HikariPool.java:488)
	at com.zaxxer.hikari.pool.HikariPool.checkFailFast(HikariPool.java:576)
	at com.zaxxer.hikari.pool.HikariPool.<init>(HikariPool.java:97)
	at com.zaxxer.hikari.HikariDataSource.getConnection(HikariDataSource.java:111)
	at org.hibernate.engine.jdbc.connections.internal.DataSourceConnectionProvider.getConnection(DataSourceConnectionProvider.java:137)
	at org.hibernate.engine.jdbc.env.internal.JdbcEnvironmentInitiator$ConnectionProviderJdbcConnectionAccess.obtainConnection(JdbcEnvironmentInitiator.java:508)
	at org.hibernate.resource.transaction.backend.jdbc.internal.JdbcIsolationDelegate.delegateWork(JdbcIsolationDelegate.java:48)
	... 37 common frames omitted
Caused by: java.net.ConnectException: Connection refused: getsockopt
	at java.base/sun.nio.ch.Net.pollConnect(Native Method)
	at java.base/sun.nio.ch.Net.pollConnectNow(Net.java:684)
	at java.base/sun.nio.ch.NioSocketImpl.timedFinishConnect(NioSocketImpl.java:547)
	at java.base/sun.nio.ch.NioSocketImpl.connect(NioSocketImpl.java:602)
	at java.base/java.net.SocksSocketImpl.connect(SocksSocketImpl.java:327)
	at java.base/java.net.Socket.connect(Socket.java:633)
	at org.mariadb.jdbc.client.impl.ConnectionHelper.connectSocket(ConnectionHelper.java:118)
	... 51 common frames omitted
2026-02-07 10:47:30,233 WARN  [main] org.hibernate.orm.deprecation - HHH90000025: MariaDBDialect does not need to be specified explicitly using 'hibernate.dialect' (remove the property setting and it will be selected by default)
2026-02-07 10:47:30,244 INFO  [main] o.hibernate.orm.connections.pooling - HHH10001005: Database info:
	Database JDBC URL [undefined/unknown]
	Database driver: undefined/unknown
	Database dialect: MariaDBDialect
	Database version: 10.6
	Default catalog/schema: unknown/unknown
	Autocommit mode: undefined/unknown
	Isolation level: NONE [default NONE]
	JDBC fetch size: undefined/unknown
	Pool: DataSourceConnectionProvider
	Minimum pool size: undefined/unknown
	Maximum pool size: undefined/unknown
2026-02-07 10:47:31,117 INFO  [main] org.hibernate.orm.core - HHH000489: No JTA platform available (set 'hibernate.transaction.jta.platform' to enable JTA platform integration)
2026-02-07 10:47:31,145 INFO  [main] com.zaxxer.hikari.HikariDataSource - HikariPool-1 - Starting...
2026-02-07 10:47:32,194 WARN  [main] org.hibernate.orm.jdbc.error - HHH000247: ErrorCode: 0, SQLState: 08000
2026-02-07 10:47:32,229 WARN  [main] org.hibernate.orm.jdbc.error - Socket fail to connect to localhost. Connection refused: getsockopt
2026-02-07 10:47:32,264 ERROR [main] o.s.o.j.LocalContainerEntityManagerFactoryBean - Failed to initialize JPA EntityManagerFactory: Unable to build Hibernate SessionFactory  [persistence unit: default] ; nested exception is org.hibernate.exception.JDBCConnectionException: Unable to open JDBC Connection for DDL execution [Socket fail to connect to localhost. Connection refused: getsockopt] [n/a]
2026-02-07 10:47:32,278 WARN  [main] o.s.b.w.s.s.c.AnnotationConfigServletWebServerApplicationContext - Exception encountered during context initialization - cancelling refresh attempt: org.springframework.beans.factory.BeanCreationException: Error creating bean with name 'entityManagerFactory' defined in class path resource [org/springframework/boot/hibernate/autoconfigure/HibernateJpaConfiguration.class]: Unable to build Hibernate SessionFactory  [persistence unit: default] ; nested exception is org.hibernate.exception.JDBCConnectionException: Unable to open JDBC Connection for DDL execution [Socket fail to connect to localhost. Connection refused: getsockopt] [n/a]
2026-02-07 10:47:32,278 INFO  [main] o.a.catalina.core.StandardService - Stopping service [Tomcat]
2026-02-07 10:47:32,314 INFO  [main] o.s.b.a.l.ConditionEvaluationReportLogger - 

Error starting ApplicationContext. To display the condition evaluation report re-run your application with 'debug' enabled.
2026-02-07 10:47:32,325 ERROR [main] o.s.boot.SpringApplication - Application run failed
org.springframework.beans.factory.BeanCreationException: Error creating bean with name 'entityManagerFactory' defined in class path resource [org/springframework/boot/hibernate/autoconfigure/HibernateJpaConfiguration.class]: Unable to build Hibernate SessionFactory  [persistence unit: default] ; nested exception is org.hibernate.exception.JDBCConnectionException: Unable to open JDBC Connection for DDL execution [Socket fail to connect to localhost. Connection refused: getsockopt] [n/a]
	at org.springframework.beans.factory.support.AbstractAutowireCapableBeanFactory.initializeBean(AbstractAutowireCapableBeanFactory.java:1817)
	at org.springframework.beans.factory.support.AbstractAutowireCapableBeanFactory.doCreateBean(AbstractAutowireCapableBeanFactory.java:603)
	at org.springframework.beans.factory.support.AbstractAutowireCapableBeanFactory.createBean(AbstractAutowireCapableBeanFactory.java:525)
	at org.springframework.beans.factory.support.AbstractBeanFactory.lambda$doGetBean$0(AbstractBeanFactory.java:333)
	at org.springframework.beans.factory.support.DefaultSingletonBeanRegistry.getSingleton(DefaultSingletonBeanRegistry.java:371)
	at org.springframework.beans.factory.support.AbstractBeanFactory.doGetBean(AbstractBeanFactory.java:331)
	at org.springframework.beans.factory.support.AbstractBeanFactory.getBean(AbstractBeanFactory.java:201)
	at org.springframework.context.support.AbstractApplicationContext.finishBeanFactoryInitialization(AbstractApplicationContext.java:976)
	at org.springframework.context.support.AbstractApplicationContext.refresh(AbstractApplicationContext.java:620)
	at org.springframework.boot.web.server.servlet.context.ServletWebServerApplicationContext.refresh(ServletWebServerApplicationContext.java:143)
	at org.springframework.boot.SpringApplication.refresh(SpringApplication.java:756)
	at org.springframework.boot.SpringApplication.refreshContext(SpringApplication.java:445)
	at org.springframework.boot.SpringApplication.run(SpringApplication.java:321)
	at org.springframework.boot.SpringApplication.run(SpringApplication.java:1365)
	at org.springframework.boot.SpringApplication.run(SpringApplication.java:1354)
	at com.svalero.ecorepair.Aa1Application.main(Aa1Application.java:10)
Caused by: jakarta.persistence.PersistenceException: Unable to build Hibernate SessionFactory  [persistence unit: default] ; nested exception is org.hibernate.exception.JDBCConnectionException: Unable to open JDBC Connection for DDL execution [Socket fail to connect to localhost. Connection refused: getsockopt] [n/a]
	at org.springframework.orm.jpa.AbstractEntityManagerFactoryBean.buildNativeEntityManagerFactory(AbstractEntityManagerFactoryBean.java:428)
	at org.springframework.orm.jpa.AbstractEntityManagerFactoryBean.afterPropertiesSet(AbstractEntityManagerFactoryBean.java:396)
	at org.springframework.orm.jpa.LocalContainerEntityManagerFactoryBean.afterPropertiesSet(LocalContainerEntityManagerFactoryBean.java:409)
	at org.springframework.beans.factory.support.AbstractAutowireCapableBeanFactory.invokeInitMethods(AbstractAutowireCapableBeanFactory.java:1864)
	at org.springframework.beans.factory.support.AbstractAutowireCapableBeanFactory.initializeBean(AbstractAutowireCapableBeanFactory.java:1813)
	... 15 common frames omitted
Caused by: org.hibernate.exception.JDBCConnectionException: Unable to open JDBC Connection for DDL execution [Socket fail to connect to localhost. Connection refused: getsockopt] [n/a]
	at org.hibernate.exception.internal.SQLExceptionTypeDelegate.convert(SQLExceptionTypeDelegate.java:49)
	at org.hibernate.exception.internal.StandardSQLExceptionConverter.convert(StandardSQLExceptionConverter.java:34)
	at org.hibernate.engine.jdbc.spi.SqlExceptionHelper.convert(SqlExceptionHelper.java:115)
	at org.hibernate.engine.jdbc.spi.SqlExceptionHelper.convert(SqlExceptionHelper.java:101)
	at org.hibernate.resource.transaction.backend.jdbc.internal.DdlTransactionIsolatorNonJtaImpl.getIsolatedConnection(DdlTransactionIsolatorNonJtaImpl.java:71)
	at org.hibernate.resource.transaction.backend.jdbc.internal.DdlTransactionIsolatorNonJtaImpl.getIsolatedConnection(DdlTransactionIsolatorNonJtaImpl.java:37)
	at org.hibernate.tool.schema.internal.exec.ImprovedExtractionContextImpl.getJdbcConnection(ImprovedExtractionContextImpl.java:61)
	at org.hibernate.tool.schema.extract.spi.ExtractionContext.getQueryResults(ExtractionContext.java:41)
	at org.hibernate.tool.schema.extract.internal.SequenceInformationExtractorMariaDBDatabaseImpl.extractMetadata(SequenceInformationExtractorMariaDBDatabaseImpl.java:44)
	at org.hibernate.tool.schema.extract.internal.DatabaseInformationImpl.initializeSequences(DatabaseInformationImpl.java:73)
	at org.hibernate.tool.schema.extract.internal.DatabaseInformationImpl.<init>(DatabaseInformationImpl.java:63)
	at org.hibernate.tool.schema.extract.internal.CachingDatabaseInformationImpl.<init>(CachingDatabaseInformationImpl.java:43)
	at org.hibernate.tool.schema.internal.GroupedSchemaMigratorImpl.buildDatabaseInformation(GroupedSchemaMigratorImpl.java:112)
	at org.hibernate.tool.schema.internal.AbstractSchemaMigrator.doMigration(AbstractSchemaMigrator.java:83)
	at org.hibernate.tool.schema.spi.SchemaManagementToolCoordinator.performDatabaseAction(SchemaManagementToolCoordinator.java:269)
	at org.hibernate.tool.schema.spi.SchemaManagementToolCoordinator.lambda$process$1(SchemaManagementToolCoordinator.java:101)
	at java.base/java.util.HashMap.forEach(HashMap.java:1421)
	at org.hibernate.tool.schema.spi.SchemaManagementToolCoordinator.process(SchemaManagementToolCoordinator.java:100)
	at org.hibernate.boot.internal.SessionFactoryObserverForSchemaExport.sessionFactoryCreated(SessionFactoryObserverForSchemaExport.java:35)
	at org.hibernate.internal.SessionFactoryObserverChain.sessionFactoryCreated(SessionFactoryObserverChain.java:33)
	at org.hibernate.internal.SessionFactoryImpl.<init>(SessionFactoryImpl.java:323)
	at org.hibernate.internal.SessionFactoryRegistry.instantiateSessionFactory(SessionFactoryRegistry.java:64)
	at org.hibernate.boot.internal.SessionFactoryBuilderImpl.build(SessionFactoryBuilderImpl.java:437)
	at org.hibernate.jpa.boot.internal.EntityManagerFactoryBuilderImpl.build(EntityManagerFactoryBuilderImpl.java:1456)
	at org.springframework.orm.jpa.vendor.SpringHibernateJpaPersistenceProvider.createContainerEntityManagerFactory(SpringHibernateJpaPersistenceProvider.java:66)
	at org.springframework.orm.jpa.LocalContainerEntityManagerFactoryBean.createNativeEntityManagerFactory(LocalContainerEntityManagerFactoryBean.java:433)
	at org.springframework.orm.jpa.AbstractEntityManagerFactoryBean.buildNativeEntityManagerFactory(AbstractEntityManagerFactoryBean.java:416)
	... 19 common frames omitted
Caused by: java.sql.SQLNonTransientConnectionException: Socket fail to connect to localhost. Connection refused: getsockopt
	at org.mariadb.jdbc.client.impl.ConnectionHelper.connectSocket(ConnectionHelper.java:131)
	at org.mariadb.jdbc.client.impl.StandardClient.<init>(StandardClient.java:152)
	at org.mariadb.jdbc.Driver.connect(Driver.java:75)
	at org.mariadb.jdbc.Driver.connect(Driver.java:104)
	at org.mariadb.jdbc.Driver.connect(Driver.java:29)
	at com.zaxxer.hikari.util.DriverDataSource.getConnection(DriverDataSource.java:144)
	at com.zaxxer.hikari.pool.PoolBase.newConnection(PoolBase.java:373)
	at com.zaxxer.hikari.pool.PoolBase.newPoolEntry(PoolBase.java:210)
	at com.zaxxer.hikari.pool.HikariPool.createPoolEntry(HikariPool.java:488)
	at com.zaxxer.hikari.pool.HikariPool.checkFailFast(HikariPool.java:576)
	at com.zaxxer.hikari.pool.HikariPool.<init>(HikariPool.java:97)
	at com.zaxxer.hikari.HikariDataSource.getConnection(HikariDataSource.java:111)
	at org.hibernate.engine.jdbc.connections.internal.DataSourceConnectionProvider.getConnection(DataSourceConnectionProvider.java:137)
	at org.hibernate.engine.jdbc.env.internal.JdbcEnvironmentInitiator$ConnectionProviderJdbcConnectionAccess.obtainConnection(JdbcEnvironmentInitiator.java:508)
	at org.hibernate.resource.transaction.backend.jdbc.internal.DdlTransactionIsolatorNonJtaImpl.getIsolatedConnection(DdlTransactionIsolatorNonJtaImpl.java:44)
	... 41 common frames omitted
Caused by: java.net.ConnectException: Connection refused: getsockopt
	at java.base/sun.nio.ch.Net.pollConnect(Native Method)
	at java.base/sun.nio.ch.Net.pollConnectNow(Net.java:684)
	at java.base/sun.nio.ch.NioSocketImpl.timedFinishConnect(NioSocketImpl.java:547)
	at java.base/sun.nio.ch.NioSocketImpl.connect(NioSocketImpl.java:602)
	at java.base/java.net.SocksSocketImpl.connect(SocksSocketImpl.java:327)
	at java.base/java.net.Socket.connect(Socket.java:633)
	at org.mariadb.jdbc.client.impl.ConnectionHelper.connectSocket(ConnectionHelper.java:118)
	... 55 common frames omitted
2026-02-07 10:48:37,427 INFO  [background-preinit] o.h.validator.internal.util.Version - HV000001: Hibernate Validator 9.0.1.Final
2026-02-07 10:48:37,460 INFO  [main] c.svalero.ecorepair.Aa1Application - Starting Aa1Application using Java 17.0.18 with PID 19884 (C:\Users\raul_\Desktop\ProyectoFinal\EcoRepiar-API\target\classes started by raul_ in C:\Users\raul_\Desktop\ProyectoFinal\EcoRepiar-API)
2026-02-07 10:48:37,461 INFO  [main] c.svalero.ecorepair.Aa1Application - No active profile set, falling back to 1 default profile: "default"
2026-02-07 10:48:37,932 INFO  [main] o.s.d.r.c.RepositoryConfigurationDelegate - Bootstrapping Spring Data JPA repositories in DEFAULT mode.
2026-02-07 10:48:37,989 INFO  [main] o.s.d.r.c.RepositoryConfigurationDelegate - Finished Spring Data repository scanning in 48 ms. Found 2 JPA repository interfaces.
2026-02-07 10:48:38,435 INFO  [main] o.s.boot.tomcat.TomcatWebServer - Tomcat initialized with port 8080 (http)
2026-02-07 10:48:38,452 INFO  [main] o.a.coyote.http11.Http11NioProtocol - Initializing ProtocolHandler ["http-nio-8080"]
2026-02-07 10:48:38,454 INFO  [main] o.a.catalina.core.StandardService - Starting service [Tomcat]
2026-02-07 10:48:38,454 INFO  [main] o.a.catalina.core.StandardEngine - Starting Servlet engine: [Apache Tomcat/11.0.15]
2026-02-07 10:48:38,612 INFO  [main] o.s.b.w.c.s.WebApplicationContextInitializer - Root WebApplicationContext: initialization completed in 1104 ms
2026-02-07 10:48:38,740 INFO  [main] org.hibernate.orm.jpa - HHH008540: Processing PersistenceUnitInfo [name: default]
2026-02-07 10:48:38,786 INFO  [main] org.hibernate.orm.core - HHH000001: Hibernate ORM core version 7.2.1.Final
2026-02-07 10:48:39,138 INFO  [main] o.s.o.j.p.SpringPersistenceUnitInfo - No LoadTimeWeaver setup: ignoring JPA class transformer
2026-02-07 10:48:39,169 INFO  [main] com.zaxxer.hikari.HikariDataSource - HikariPool-1 - Starting...
2026-02-07 10:48:39,301 INFO  [main] com.zaxxer.hikari.pool.HikariPool - HikariPool-1 - Added connection org.mariadb.jdbc.Connection@3de45b6c
2026-02-07 10:48:39,303 INFO  [main] com.zaxxer.hikari.HikariDataSource - HikariPool-1 - Start completed.
2026-02-07 10:48:39,331 WARN  [main] org.hibernate.orm.deprecation - HHH90000025: MariaDBDialect does not need to be specified explicitly using 'hibernate.dialect' (remove the property setting and it will be selected by default)
2026-02-07 10:48:39,351 INFO  [main] o.hibernate.orm.connections.pooling - HHH10001005: Database info:
	Database JDBC URL [jdbc:mariadb://localhost/aa1?user=aa1&password=***&authenticationPlugins=org.mariadb.jdbc.plugin.authentication.standard.NativePasswordPlugin&useSSL=false&allowPublicKeyRetrieval=true]
	Database driver: MariaDB Connector/J
	Database dialect: MariaDBDialect
	Database version: 12.1.2
	Default catalog/schema: aa1/undefined
	Autocommit mode: undefined/unknown
	Isolation level: REPEATABLE_READ [default REPEATABLE_READ]
	JDBC fetch size: none
	Pool: DataSourceConnectionProvider
	Minimum pool size: undefined/unknown
	Maximum pool size: undefined/unknown
2026-02-07 10:48:40,045 INFO  [main] org.hibernate.orm.core - HHH000489: No JTA platform available (set 'hibernate.transaction.jta.platform' to enable JTA platform integration)
2026-02-07 10:48:40,174 INFO  [main] o.s.o.j.LocalContainerEntityManagerFactoryBean - Initialized JPA EntityManagerFactory for persistence unit 'default'
2026-02-07 10:48:40,296 INFO  [main] o.s.d.j.r.q.QueryEnhancerFactories - Hibernate is in classpath; If applicable, HQL parser will be used.
2026-02-07 10:48:40,471 WARN  [main] o.s.b.j.a.JpaBaseConfiguration$JpaWebConfiguration - spring.jpa.open-in-view is enabled by default. Therefore, database queries may be performed during view rendering. Explicitly configure spring.jpa.open-in-view to disable this warning
2026-02-07 10:48:40,815 INFO  [main] o.a.coyote.http11.Http11NioProtocol - Starting ProtocolHandler ["http-nio-8080"]
2026-02-07 10:48:40,836 INFO  [main] o.s.boot.tomcat.TomcatWebServer - Tomcat started on port 8080 (http) with context path '/'
2026-02-07 10:48:40,846 INFO  [main] c.svalero.ecorepair.Aa1Application - Started Aa1Application in 3.997 seconds (process running for 4.303)
2026-02-07 10:49:53,187 INFO  [http-nio-8080-exec-1] o.a.c.c.C.[Tomcat].[localhost].[/] - Initializing Spring DispatcherServlet 'dispatcherServlet'
2026-02-07 10:49:53,189 INFO  [http-nio-8080-exec-1] o.s.web.servlet.DispatcherServlet - Initializing Servlet 'dispatcherServlet'
2026-02-07 10:49:53,189 INFO  [http-nio-8080-exec-1] o.s.web.servlet.DispatcherServlet - Completed initialization in 0 ms
2026-02-07 10:49:53,932 INFO  [http-nio-8080-exec-1] c.s.e.config.RequestLoggingFilter - HTTP GET /devices?name=iPhone&type=Smartphone&brand=Apple -> 200 (736 ms)
2026-02-07 10:50:17,011 INFO  [http-nio-8080-exec-2] c.s.e.config.RequestLoggingFilter - HTTP GET /devices?name=iPhone&type=Smartphone&brand=Apple -> 200 (103 ms)
2026-02-07 10:50:17,160 INFO  [http-nio-8080-exec-3] c.s.e.config.RequestLoggingFilter - HTTP GET /favicon.ico -> 500 (83 ms)
2026-02-07 10:50:24,221 INFO  [http-nio-8080-exec-4] c.s.e.config.RequestLoggingFilter - HTTP GET /devices -> 200 (45 ms)
2026-02-07 10:50:24,296 INFO  [http-nio-8080-exec-5] c.s.e.config.RequestLoggingFilter - HTTP GET /favicon.ico -> 500 (37 ms)
2026-02-07 10:51:04,676 INFO  [http-nio-8080-exec-8] c.s.e.config.RequestLoggingFilter - HTTP GET /devices -> 200 (222 ms)
2026-02-07 10:51:10,637 INFO  [http-nio-8080-exec-9] c.s.e.config.RequestLoggingFilter - HTTP GET /devices/1 -> 200 (115 ms)
2026-02-07 10:51:14,089 INFO  [http-nio-8080-exec-10] c.s.e.config.RequestLoggingFilter - HTTP GET /devices -> 200 (181 ms)
2026-02-07 10:52:03,333 INFO  [http-nio-8080-exec-1] c.s.e.config.RequestLoggingFilter - HTTP GET /devices/3 -> 200 (10 ms)
2026-02-07 10:54:24,511 INFO  [http-nio-8080-exec-6] c.s.e.config.RequestLoggingFilter - HTTP GET /devices/1 -> 200 (30 ms)
2026-02-07 10:54:24,853 INFO  [http-nio-8080-exec-7] c.s.e.config.RequestLoggingFilter - HTTP GET /favicon.ico -> 500 (10 ms)
2026-02-07 10:54:32,141 INFO  [http-nio-8080-exec-8] c.s.e.config.RequestLoggingFilter - HTTP GET /devices/2 -> 200 (34 ms)
2026-02-07 10:54:32,201 INFO  [http-nio-8080-exec-9] c.s.e.config.RequestLoggingFilter - HTTP GET /favicon.ico -> 500 (9 ms)
2026-02-07 11:06:22,898 INFO  [background-preinit] o.h.validator.internal.util.Version - HV000001: Hibernate Validator 9.0.1.Final
2026-02-07 11:06:22,944 INFO  [main] c.svalero.ecorepair.Aa1Application - Starting Aa1Application using Java 17.0.18 with PID 20532 (C:\Users\raul_\Desktop\ProyectoFinal\EcoRepiar-API\target\classes started by raul_ in C:\Users\raul_\Desktop\ProyectoFinal\EcoRepiar-API)
2026-02-07 11:06:22,945 INFO  [main] c.svalero.ecorepair.Aa1Application - No active profile set, falling back to 1 default profile: "default"
2026-02-07 11:06:23,472 INFO  [main] o.s.d.r.c.RepositoryConfigurationDelegate - Bootstrapping Spring Data JPA repositories in DEFAULT mode.
2026-02-07 11:06:23,527 INFO  [main] o.s.d.r.c.RepositoryConfigurationDelegate - Finished Spring Data repository scanning in 46 ms. Found 2 JPA repository interfaces.
2026-02-07 11:06:23,969 INFO  [main] o.s.boot.tomcat.TomcatWebServer - Tomcat initialized with port 8080 (http)
2026-02-07 11:06:23,987 INFO  [main] o.a.coyote.http11.Http11NioProtocol - Initializing ProtocolHandler ["http-nio-8080"]
2026-02-07 11:06:23,991 INFO  [main] o.a.catalina.core.StandardService - Starting service [Tomcat]
2026-02-07 11:06:23,992 INFO  [main] o.a.catalina.core.StandardEngine - Starting Servlet engine: [Apache Tomcat/11.0.15]
2026-02-07 11:06:24,049 INFO  [main] o.s.b.w.c.s.WebApplicationContextInitializer - Root WebApplicationContext: initialization completed in 1060 ms
2026-02-07 11:06:24,169 INFO  [main] org.hibernate.orm.jpa - HHH008540: Processing PersistenceUnitInfo [name: default]
2026-02-07 11:06:24,216 INFO  [main] org.hibernate.orm.core - HHH000001: Hibernate ORM core version 7.2.1.Final
2026-02-07 11:06:24,580 INFO  [main] o.s.o.j.p.SpringPersistenceUnitInfo - No LoadTimeWeaver setup: ignoring JPA class transformer
2026-02-07 11:06:24,622 INFO  [main] com.zaxxer.hikari.HikariDataSource - HikariPool-1 - Starting...
2026-02-07 11:06:24,697 INFO  [main] com.zaxxer.hikari.pool.HikariPool - HikariPool-1 - Added connection org.mariadb.jdbc.Connection@43fe2008
2026-02-07 11:06:24,700 INFO  [main] com.zaxxer.hikari.HikariDataSource - HikariPool-1 - Start completed.
2026-02-07 11:06:24,726 WARN  [main] org.hibernate.orm.deprecation - HHH90000025: MariaDBDialect does not need to be specified explicitly using 'hibernate.dialect' (remove the property setting and it will be selected by default)
2026-02-07 11:06:24,743 INFO  [main] o.hibernate.orm.connections.pooling - HHH10001005: Database info:
	Database JDBC URL [jdbc:mariadb://localhost/aa1?user=aa1&password=***&authenticationPlugins=org.mariadb.jdbc.plugin.authentication.standard.NativePasswordPlugin&useSSL=false&allowPublicKeyRetrieval=true]
	Database driver: MariaDB Connector/J
	Database dialect: MariaDBDialect
	Database version: 12.1.2
	Default catalog/schema: aa1/undefined
	Autocommit mode: undefined/unknown
	Isolation level: REPEATABLE_READ [default REPEATABLE_READ]
	JDBC fetch size: none
	Pool: DataSourceConnectionProvider
	Minimum pool size: undefined/unknown
	Maximum pool size: undefined/unknown
2026-02-07 11:06:25,512 INFO  [main] org.hibernate.orm.core - HHH000489: No JTA platform available (set 'hibernate.transaction.jta.platform' to enable JTA platform integration)
2026-02-07 11:06:25,575 INFO  [main] o.s.o.j.LocalContainerEntityManagerFactoryBean - Initialized JPA EntityManagerFactory for persistence unit 'default'
2026-02-07 11:06:25,643 INFO  [main] o.s.d.j.r.q.QueryEnhancerFactories - Hibernate is in classpath; If applicable, HQL parser will be used.
2026-02-07 11:06:25,799 WARN  [main] o.s.b.j.a.JpaBaseConfiguration$JpaWebConfiguration - spring.jpa.open-in-view is enabled by default. Therefore, database queries may be performed during view rendering. Explicitly configure spring.jpa.open-in-view to disable this warning
2026-02-07 11:06:26,039 INFO  [main] o.a.coyote.http11.Http11NioProtocol - Starting ProtocolHandler ["http-nio-8080"]
2026-02-07 11:06:26,057 INFO  [main] o.s.boot.tomcat.TomcatWebServer - Tomcat started on port 8080 (http) with context path '/'
2026-02-07 11:06:26,063 INFO  [main] c.svalero.ecorepair.Aa1Application - Started Aa1Application in 3.562 seconds (process running for 3.866)
2026-02-07 11:06:34,131 INFO  [http-nio-8080-exec-6] o.a.c.c.C.[Tomcat].[localhost].[/] - Initializing Spring DispatcherServlet 'dispatcherServlet'
2026-02-07 11:06:34,134 INFO  [http-nio-8080-exec-6] o.s.web.servlet.DispatcherServlet - Initializing Servlet 'dispatcherServlet'
2026-02-07 11:06:34,138 INFO  [http-nio-8080-exec-6] o.s.web.servlet.DispatcherServlet - Completed initialization in 2 ms
2026-02-07 11:06:34,946 INFO  [http-nio-8080-exec-6] c.s.e.config.RequestLoggingFilter - HTTP GET /devices/3 -> 200 (795 ms)
2026-02-07 11:06:35,137 INFO  [http-nio-8080-exec-1] c.s.e.config.RequestLoggingFilter - HTTP GET /favicon.ico -> 500 (133 ms)
2026-02-07 11:06:50,820 INFO  [http-nio-8080-exec-2] c.s.e.config.RequestLoggingFilter - HTTP GET /devices/3 -> 200 (93 ms)
2026-02-07 11:06:50,934 INFO  [http-nio-8080-exec-3] c.s.e.config.RequestLoggingFilter - HTTP GET /favicon.ico -> 500 (23 ms)
2026-02-07 11:06:53,845 INFO  [http-nio-8080-exec-4] c.s.e.config.RequestLoggingFilter - HTTP GET /devices/ -> 500 (16 ms)
2026-02-07 11:06:54,046 INFO  [http-nio-8080-exec-5] c.s.e.config.RequestLoggingFilter - HTTP GET /favicon.ico -> 500 (15 ms)
2026-02-07 11:07:04,171 INFO  [http-nio-8080-exec-7] c.s.e.config.RequestLoggingFilter - HTTP GET /devices -> 200 (573 ms)
2026-02-07 11:07:04,381 INFO  [http-nio-8080-exec-8] c.s.e.config.RequestLoggingFilter - HTTP GET /favicon.ico -> 500 (16 ms)
2026-02-07 11:09:26,235 INFO  [http-nio-8080-exec-10] c.s.e.config.RequestLoggingFilter - HTTP GET /devices -> 200 (137 ms)
2026-02-07 11:09:27,855 INFO  [http-nio-8080-exec-6] c.s.e.config.RequestLoggingFilter - HTTP GET /devices/1 -> 200 (142 ms)
2026-02-07 11:09:30,147 INFO  [http-nio-8080-exec-1] c.s.e.config.RequestLoggingFilter - HTTP GET /devices -> 200 (103 ms)
2026-02-07 11:12:53,404 INFO  [SpringApplicationShutdownHook] o.s.boot.tomcat.GracefulShutdown - Commencing graceful shutdown. Waiting for active requests to complete
2026-02-07 11:12:53,564 INFO  [tomcat-shutdown] o.s.boot.tomcat.GracefulShutdown - Graceful shutdown complete
2026-02-07 11:12:53,569 INFO  [SpringApplicationShutdownHook] o.s.o.j.LocalContainerEntityManagerFactoryBean - Closing JPA EntityManagerFactory for persistence unit 'default'
2026-02-07 11:12:53,570 INFO  [SpringApplicationShutdownHook] com.zaxxer.hikari.HikariDataSource - HikariPool-1 - Shutdown initiated...
2026-02-07 11:12:53,598 INFO  [SpringApplicationShutdownHook] com.zaxxer.hikari.HikariDataSource - HikariPool-1 - Shutdown completed.
2026-02-07 11:13:07,862 INFO  [background-preinit] o.h.validator.internal.util.Version - HV000001: Hibernate Validator 9.0.1.Final
2026-02-07 11:13:07,908 INFO  [main] c.svalero.ecorepair.Aa1Application - Starting Aa1Application using Java 17.0.18 with PID 14956 (C:\Users\raul_\Desktop\ProyectoFinal\EcoRepiar-API\target\classes started by raul_ in C:\Users\raul_\Desktop\ProyectoFinal\EcoRepiar-API)
2026-02-07 11:13:07,909 INFO  [main] c.svalero.ecorepair.Aa1Application - No active profile set, falling back to 1 default profile: "default"
2026-02-07 11:13:08,366 INFO  [main] o.s.d.r.c.RepositoryConfigurationDelegate - Bootstrapping Spring Data JPA repositories in DEFAULT mode.
2026-02-07 11:13:08,420 INFO  [main] o.s.d.r.c.RepositoryConfigurationDelegate - Finished Spring Data repository scanning in 43 ms. Found 2 JPA repository interfaces.
2026-02-07 11:13:08,847 INFO  [main] o.s.boot.tomcat.TomcatWebServer - Tomcat initialized with port 8080 (http)
2026-02-07 11:13:08,856 INFO  [main] o.a.coyote.http11.Http11NioProtocol - Initializing ProtocolHandler ["http-nio-8080"]
2026-02-07 11:13:08,859 INFO  [main] o.a.catalina.core.StandardService - Starting service [Tomcat]
2026-02-07 11:13:08,859 INFO  [main] o.a.catalina.core.StandardEngine - Starting Servlet engine: [Apache Tomcat/11.0.15]
2026-02-07 11:13:08,905 INFO  [main] o.s.b.w.c.s.WebApplicationContextInitializer - Root WebApplicationContext: initialization completed in 959 ms
2026-02-07 11:13:09,034 INFO  [main] org.hibernate.orm.jpa - HHH008540: Processing PersistenceUnitInfo [name: default]
2026-02-07 11:13:09,082 INFO  [main] org.hibernate.orm.core - HHH000001: Hibernate ORM core version 7.2.1.Final
2026-02-07 11:13:09,445 INFO  [main] o.s.o.j.p.SpringPersistenceUnitInfo - No LoadTimeWeaver setup: ignoring JPA class transformer
2026-02-07 11:13:09,489 INFO  [main] com.zaxxer.hikari.HikariDataSource - HikariPool-1 - Starting...
2026-02-07 11:13:09,568 INFO  [main] com.zaxxer.hikari.pool.HikariPool - HikariPool-1 - Added connection org.mariadb.jdbc.Connection@8ef1d58
2026-02-07 11:13:09,570 INFO  [main] com.zaxxer.hikari.HikariDataSource - HikariPool-1 - Start completed.
2026-02-07 11:13:09,599 WARN  [main] org.hibernate.orm.deprecation - HHH90000025: MariaDBDialect does not need to be specified explicitly using 'hibernate.dialect' (remove the property setting and it will be selected by default)
2026-02-07 11:13:09,617 INFO  [main] o.hibernate.orm.connections.pooling - HHH10001005: Database info:
	Database JDBC URL [jdbc:mariadb://localhost/aa1?user=aa1&password=***&authenticationPlugins=org.mariadb.jdbc.plugin.authentication.standard.NativePasswordPlugin&useSSL=false&allowPublicKeyRetrieval=true]
	Database driver: MariaDB Connector/J
	Database dialect: MariaDBDialect
	Database version: 12.1.2
	Default catalog/schema: aa1/undefined
	Autocommit mode: undefined/unknown
	Isolation level: REPEATABLE_READ [default REPEATABLE_READ]
	JDBC fetch size: none
	Pool: DataSourceConnectionProvider
	Minimum pool size: undefined/unknown
	Maximum pool size: undefined/unknown
2026-02-07 11:13:10,318 INFO  [main] org.hibernate.orm.core - HHH000489: No JTA platform available (set 'hibernate.transaction.jta.platform' to enable JTA platform integration)
2026-02-07 11:13:10,395 INFO  [main] o.s.o.j.LocalContainerEntityManagerFactoryBean - Initialized JPA EntityManagerFactory for persistence unit 'default'
2026-02-07 11:13:10,464 INFO  [main] o.s.d.j.r.q.QueryEnhancerFactories - Hibernate is in classpath; If applicable, HQL parser will be used.
2026-02-07 11:13:10,650 WARN  [main] o.s.b.j.a.JpaBaseConfiguration$JpaWebConfiguration - spring.jpa.open-in-view is enabled by default. Therefore, database queries may be performed during view rendering. Explicitly configure spring.jpa.open-in-view to disable this warning
2026-02-07 11:13:10,898 INFO  [main] o.a.coyote.http11.Http11NioProtocol - Starting ProtocolHandler ["http-nio-8080"]
2026-02-07 11:13:10,918 INFO  [main] o.s.boot.tomcat.TomcatWebServer - Tomcat started on port 8080 (http) with context path '/'
2026-02-07 11:13:10,924 INFO  [main] c.svalero.ecorepair.Aa1Application - Started Aa1Application in 3.454 seconds (process running for 3.74)
